{
  "Entries": [
    {
      "RequestUri": "https://primfakeaccount.blob.core.windows.net/gocdownloadblockblobunexpectedeof?restype=container",
      "RequestMethod": "PUT",
      "RequestHeaders": {
        ":authority": "localhost:5001",
        ":method": "PUT",
        ":path": "/gocdownloadblockblobunexpectedeof?restype=container",
        ":scheme": "https",
        "Accept": "application/xml",
        "Accept-Encoding": "gzip",
        "Authorization": "Sanitized",
        "Content-Length": "0",
        "User-Agent": "azsdk-go-azblob/v0.2.1 azsdk-go-azcore/v0.20.0 (go1.17; Windows_NT)",
        "x-ms-date": "Mon, 06 Dec 2021 22:46:50 GMT",
        "x-ms-version": "2019-12-12"
      },
      "RequestBody": null,
      "StatusCode": 201,
      "ResponseHeaders": {
        "Content-Length": "0",
        "Date": "Mon, 06 Dec 2021 22:46:50 GMT",
        "ETag": "\u00220x8D9B90A4B4B2ADC\u0022",
        "Last-Modified": "Mon, 06 Dec 2021 22:46:51 GMT",
        "Server": [
          "Windows-Azure-Blob/1.0",
          "Microsoft-HTTPAPI/2.0"
        ],
        "x-ms-request-id": "b847b87e-001e-006a-7bf3-ea305d000000",
        "x-ms-version": "2019-12-12"
      },
      "ResponseBody": null
    },
    {
      "RequestUri": "https://primfakeaccount.blob.core.windows.net/gocdownloadblockblobunexpectedeof/gotestblobdownloadblockblobunexpectedeof",
      "RequestMethod": "PUT",
      "RequestHeaders": {
        ":authority": "localhost:5001",
        ":method": "PUT",
        ":path": "/gocdownloadblockblobunexpectedeof/gotestblobdownloadblockblobunexpectedeof",
        ":scheme": "https",
        "Accept": "application/xml",
        "Accept-Encoding": "gzip",
        "Authorization": "Sanitized",
        "Content-Length": "15",
        "Content-Type": "application/octet-stream",
        "User-Agent": "azsdk-go-azblob/v0.2.1 azsdk-go-azcore/v0.20.0 (go1.17; Windows_NT)",
        "x-ms-blob-type": "BlockBlob",
        "x-ms-date": "Mon, 06 Dec 2021 22:46:50 GMT",
        "x-ms-version": "2019-12-12"
      },
      "RequestBody": "R29CbG9ja0Jsb2JEYXRh",
      "StatusCode": 201,
      "ResponseHeaders": {
        "Content-Length": "0",
        "Content-MD5": "ebncwguMQu9sgPmr0GazhA==",
        "Date": "Mon, 06 Dec 2021 22:46:50 GMT",
        "ETag": "\u00220x8D9B90A4B5B0AD9\u0022",
        "Last-Modified": "Mon, 06 Dec 2021 22:46:51 GMT",
        "Server": [
          "Windows-Azure-Blob/1.0",
          "Microsoft-HTTPAPI/2.0"
        ],
        "x-ms-content-crc64": "\u002BJGsS7CR5kg=",
        "x-ms-request-id": "b847b92a-001e-006a-1ef3-ea305d000000",
        "x-ms-request-server-encrypted": "true",
        "x-ms-version": "2019-12-12"
      },
      "ResponseBody": null
    },
    {
      "RequestUri": "https://primfakeaccount.blob.core.windows.net/gocdownloadblockblobunexpectedeof/gotestblobdownloadblockblobunexpectedeof",
      "RequestMethod": "GET",
      "RequestHeaders": {
        ":authority": "localhost:5001",
        ":method": "GET",
        ":path": "/gocdownloadblockblobunexpectedeof/gotestblobdownloadblockblobunexpectedeof",
        ":scheme": "https",
        "Accept": "application/xml",
        "Accept-Encoding": "gzip",
        "Authorization": "Sanitized",
        "User-Agent": "azsdk-go-azblob/v0.2.1 azsdk-go-azcore/v0.20.0 (go1.17; Windows_NT)",
        "x-ms-date": "Mon, 06 Dec 2021 22:46:50 GMT",
        "x-ms-version": "2019-12-12"
      },
      "RequestBody": null,
      "StatusCode": 200,
      "ResponseHeaders": {
        "Accept-Ranges": "bytes",
        "Content-Length": "15",
        "Content-MD5": "ebncwguMQu9sgPmr0GazhA==",
        "Content-Type": "application/octet-stream",
        "Date": "Mon, 06 Dec 2021 22:46:50 GMT",
        "ETag": "\u00220x8D9B90A4B5B0AD9\u0022",
        "Last-Modified": "Mon, 06 Dec 2021 22:46:51 GMT",
        "Server": [
          "Windows-Azure-Blob/1.0",
          "Microsoft-HTTPAPI/2.0"
        ],
        "x-ms-blob-type": "BlockBlob",
        "x-ms-creation-time": "Mon, 06 Dec 2021 22:46:51 GMT",
        "x-ms-lease-state": "available",
        "x-ms-lease-status": "unlocked",
        "x-ms-request-id": "b847b9ff-001e-006a-66f3-ea305d000000",
        "x-ms-server-encrypted": "true",
        "x-ms-version": "2019-12-12"
      },
      "ResponseBody": "R29CbG9ja0Jsb2JEYXRh"
    },
    {
      "RequestUri": "https://primfakeaccount.blob.core.windows.net/gocdownloadblockblobunexpectedeof/gotestblobdownloadblockblobunexpectedeof",
      "RequestMethod": "GET",
      "RequestHeaders": {
        ":authority": "localhost:5001",
        ":method": "GET",
        ":path": "/gocdownloadblockblobunexpectedeof/gotestblobdownloadblockblobunexpectedeof",
        ":scheme": "https",
        "Accept": "application/xml",
        "Accept-Encoding": "gzip",
        "Authorization": "Sanitized",
        "If-Match": "\u00220x8D9B90A4B5B0AD9\u0022",
        "User-Agent": "azsdk-go-azblob/v0.2.1 azsdk-go-azcore/v0.20.0 (go1.17; Windows_NT)",
        "x-ms-date": "Mon, 06 Dec 2021 22:46:50 GMT",
        "x-ms-version": "2019-12-12"
      },
      "RequestBody": null,
      "StatusCode": 200,
      "ResponseHeaders": {
        "Accept-Ranges": "bytes",
        "Content-Length": "15",
        "Content-MD5": "ebncwguMQu9sgPmr0GazhA==",
        "Content-Type": "application/octet-stream",
        "Date": "Mon, 06 Dec 2021 22:46:51 GMT",
        "ETag": "\u00220x8D9B90A4B5B0AD9\u0022",
        "Last-Modified": "Mon, 06 Dec 2021 22:46:51 GMT",
        "Server": [
          "Windows-Azure-Blob/1.0",
          "Microsoft-HTTPAPI/2.0"
        ],
        "x-ms-blob-type": "BlockBlob",
        "x-ms-creation-time": "Mon, 06 Dec 2021 22:46:51 GMT",
        "x-ms-lease-state": "available",
        "x-ms-lease-status": "unlocked",
        "x-ms-request-id": "b847baad-001e-006a-10f3-ea305d000000",
        "x-ms-server-encrypted": "true",
        "x-ms-version": "2019-12-12"
      },
      "ResponseBody": "R29CbG9ja0Jsb2JEYXRh"
    },
    {
      "RequestUri": "https://primfakeaccount.blob.core.windows.net/gocdownloadblockblobunexpectedeof/gotestblobdownloadblockblobunexpectedeof",
      "RequestMethod": "GET",
      "RequestHeaders": {
        ":authority": "localhost:5001",
        ":method": "GET",
        ":path": "/gocdownloadblockblobunexpectedeof/gotestblobdownloadblockblobunexpectedeof",
        ":scheme": "https",
        "Accept": "application/xml",
        "Accept-Encoding": "gzip",
        "Authorization": "Sanitized",
        "If-Match": "\u00220x8D9B90A4B5B0AD9\u0022",
        "User-Agent": "azsdk-go-azblob/v0.2.1 azsdk-go-azcore/v0.20.0 (go1.17; Windows_NT)",
        "x-ms-date": "Mon, 06 Dec 2021 22:46:51 GMT",
        "x-ms-range": "bytes=15-",
        "x-ms-version": "2019-12-12"
      },
      "RequestBody": null,
      "StatusCode": 416,
      "ResponseHeaders": {
        "Content-Length": "249",
        "Content-Range": "bytes */15",
        "Content-Type": "application/xml",
        "Date": "Mon, 06 Dec 2021 22:46:51 GMT",
        "Server": [
          "Windows-Azure-Blob/1.0",
          "Microsoft-HTTPAPI/2.0"
        ],
        "x-ms-error-code": "InvalidRange",
        "x-ms-request-id": "b847bb4d-001e-006a-2af3-ea305d000000",
        "x-ms-version": "2019-12-12"
      },
      "ResponseBody": [
        "\uFEFF\u003C?xml version=\u00221.0\u0022 encoding=\u0022utf-8\u0022?\u003E\u003CError\u003E\u003CCode\u003EInvalidRange\u003C/Code\u003E\u003CMessage\u003EThe range specified is invalid for the current size of the resource.\n",
        "RequestId:b847bb4d-001e-006a-2af3-ea305d000000\n",
        "Time:2021-12-06T22:46:51.7732389Z\u003C/Message\u003E\u003C/Error\u003E"
      ]
    },
    {
      "RequestUri": "https://primfakeaccount.blob.core.windows.net/gocdownloadblockblobunexpectedeof?restype=container",
      "RequestMethod": "DELETE",
      "RequestHeaders": {
        ":authority": "localhost:5001",
        ":method": "DELETE",
        ":path": "/gocdownloadblockblobunexpectedeof?restype=container",
        ":scheme": "https",
        "Accept": "application/xml",
        "Accept-Encoding": "gzip",
        "Authorization": "Sanitized",
        "User-Agent": "azsdk-go-azblob/v0.2.1 azsdk-go-azcore/v0.20.0 (go1.17; Windows_NT)",
        "x-ms-date": "Mon, 06 Dec 2021 22:46:51 GMT",
        "x-ms-version": "2019-12-12"
      },
      "RequestBody": null,
      "StatusCode": 202,
      "ResponseHeaders": {
        "Content-Length": "0",
        "Date": "Mon, 06 Dec 2021 22:46:51 GMT",
        "Server": [
          "Windows-Azure-Blob/1.0",
          "Microsoft-HTTPAPI/2.0"
        ],
        "x-ms-request-id": "b847bbf1-001e-006a-47f3-ea305d000000",
        "x-ms-version": "2019-12-12"
      },
      "ResponseBody": null
    }
  ],
  "Variables": {}
}
