{
  "Entries": [
    {
      "RequestUri": "https://primfakeaccount.blob.core.windows.net/gocblobdownloaddatacontentmd5?restype=container",
      "RequestMethod": "PUT",
      "RequestHeaders": {
        ":authority": "localhost:5001",
        ":method": "PUT",
        ":path": "/gocblobdownloaddatacontentmd5?restype=container",
        ":scheme": "https",
        "Accept": "application/xml",
        "Accept-Encoding": "gzip",
        "Authorization": "Sanitized",
        "Content-Length": "0",
        "User-Agent": "azsdk-go-azblob/v0.2.1 azsdk-go-azcore/v0.20.0 (go1.17; Windows_NT)",
        "x-ms-date": "Mon, 06 Dec 2021 20:50:17 GMT",
        "x-ms-version": "2019-12-12"
      },
      "RequestBody": null,
      "StatusCode": 201,
      "ResponseHeaders": {
        "Content-Length": "0",
        "Date": "Mon, 06 Dec 2021 20:50:16 GMT",
        "ETag": "\u00220x8D9B8FA02BEDB91\u0022",
        "Last-Modified": "Mon, 06 Dec 2021 20:50:17 GMT",
        "Server": [
          "Windows-Azure-Blob/1.0",
          "Microsoft-HTTPAPI/2.0"
        ],
        "x-ms-request-id": "8cb21c3f-101e-0004-2de2-ea6572000000",
        "x-ms-version": "2019-12-12"
      },
      "ResponseBody": null
    },
    {
      "RequestUri": "https://primfakeaccount.blob.core.windows.net/gocblobdownloaddatacontentmd5/gotestblobblobdownloaddatacontentmd5",
      "RequestMethod": "PUT",
      "RequestHeaders": {
        ":authority": "localhost:5001",
        ":method": "PUT",
        ":path": "/gocblobdownloaddatacontentmd5/gotestblobblobdownloaddatacontentmd5",
        ":scheme": "https",
        "Accept": "application/xml",
        "Accept-Encoding": "gzip",
        "Authorization": "Sanitized",
        "Content-Length": "15",
        "Content-Type": "application/octet-stream",
        "User-Agent": "azsdk-go-azblob/v0.2.1 azsdk-go-azcore/v0.20.0 (go1.17; Windows_NT)",
        "x-ms-blob-type": "BlockBlob",
        "x-ms-date": "Mon, 06 Dec 2021 20:50:17 GMT",
        "x-ms-version": "2019-12-12"
      },
      "RequestBody": "R29CbG9ja0Jsb2JEYXRh",
      "StatusCode": 201,
      "ResponseHeaders": {
        "Content-Length": "0",
        "Content-MD5": "ebncwguMQu9sgPmr0GazhA==",
        "Date": "Mon, 06 Dec 2021 20:50:16 GMT",
        "ETag": "\u00220x8D9B8FA02CEAA93\u0022",
        "Last-Modified": "Mon, 06 Dec 2021 20:50:17 GMT",
        "Server": [
          "Windows-Azure-Blob/1.0",
          "Microsoft-HTTPAPI/2.0"
        ],
        "x-ms-content-crc64": "\u002BJGsS7CR5kg=",
        "x-ms-request-id": "8cb21c6a-101e-0004-54e2-ea6572000000",
        "x-ms-request-server-encrypted": "true",
        "x-ms-version": "2019-12-12"
      },
      "ResponseBody": null
    },
    {
      "RequestUri": "https://primfakeaccount.blob.core.windows.net/gocblobdownloaddatacontentmd5/gotestblobblobdownloaddatacontentmd5",
      "RequestMethod": "GET",
      "RequestHeaders": {
        ":authority": "localhost:5001",
        ":method": "GET",
        ":path": "/gocblobdownloaddatacontentmd5/gotestblobblobdownloaddatacontentmd5",
        ":scheme": "https",
        "Accept": "application/xml",
        "Accept-Encoding": "gzip",
        "Authorization": "Sanitized",
        "User-Agent": "azsdk-go-azblob/v0.2.1 azsdk-go-azcore/v0.20.0 (go1.17; Windows_NT)",
        "x-ms-date": "Mon, 06 Dec 2021 20:50:17 GMT",
        "x-ms-range": "bytes=10-12",
        "x-ms-range-get-content-md5": "true",
        "x-ms-version": "2019-12-12"
      },
      "RequestBody": null,
      "StatusCode": 206,
      "ResponseHeaders": {
        "Accept-Ranges": "bytes",
        "Content-Length": "3",
        "Content-MD5": "W4uU3W3MZ\u002BVr8U1qR8S0YQ==",
        "Content-Range": "bytes 10-12/15",
        "Content-Type": "application/octet-stream",
        "Date": "Mon, 06 Dec 2021 20:50:16 GMT",
        "ETag": "\u00220x8D9B8FA02CEAA93\u0022",
        "Last-Modified": "Mon, 06 Dec 2021 20:50:17 GMT",
        "Server": [
          "Windows-Azure-Blob/1.0",
          "Microsoft-HTTPAPI/2.0"
        ],
        "x-ms-blob-content-md5": "ebncwguMQu9sgPmr0GazhA==",
        "x-ms-blob-type": "BlockBlob",
        "x-ms-creation-time": "Mon, 06 Dec 2021 20:50:17 GMT",
        "x-ms-lease-state": "available",
        "x-ms-lease-status": "unlocked",
        "x-ms-request-id": "8cb21cc3-101e-0004-21e2-ea6572000000",
        "x-ms-server-encrypted": "true",
        "x-ms-version": "2019-12-12"
      },
      "ResponseBody": "YkRh"
    },
    {
      "RequestUri": "https://primfakeaccount.blob.core.windows.net/gocblobdownloaddatacontentmd5?restype=container",
      "RequestMethod": "DELETE",
      "RequestHeaders": {
        ":authority": "localhost:5001",
        ":method": "DELETE",
        ":path": "/gocblobdownloaddatacontentmd5?restype=container",
        ":scheme": "https",
        "Accept": "application/xml",
        "Accept-Encoding": "gzip",
        "Authorization": "Sanitized",
        "User-Agent": "azsdk-go-azblob/v0.2.1 azsdk-go-azcore/v0.20.0 (go1.17; Windows_NT)",
        "x-ms-date": "Mon, 06 Dec 2021 20:50:17 GMT",
        "x-ms-version": "2019-12-12"
      },
      "RequestBody": null,
      "StatusCode": 202,
      "ResponseHeaders": {
        "Content-Length": "0",
        "Date": "Mon, 06 Dec 2021 20:50:17 GMT",
        "Server": [
          "Windows-Azure-Blob/1.0",
          "Microsoft-HTTPAPI/2.0"
        ],
        "x-ms-request-id": "8cb21cf5-101e-0004-4ee2-ea6572000000",
        "x-ms-version": "2019-12-12"
      },
      "ResponseBody": null
    }
  ],
  "Variables": {}
}
